[?2004h]2;tuikit-test[?25l[38;2;92;106;114m╭─────────────╮[m
[38;2;92;106;114m│[38;2;127;187;179;1m tuikit-test [38;2;92;106;114;22m│─────────────────────────────────────────────────────────────────[m
[38;2;92;106;114m╰─────────────╯[m


 [38;2;131;192;146m●∙∙[m [38;2;58;148;197mthinking...[m


[?25h[?2004l
