[?25l[?2004h]2;tuikit-testHello, world![80D[2K[?2004l[?25h[?1002l[?1003l[?1006l