[?2004h]2;tuikit-test[?25l[38;2;92;106;114mâ•­â”€â”€â”€â”€â”€â”€â”€â”€â”€â”€â”€â”€â”€â•®[m
[38;2;92;106;114mâ”‚[38;2;127;187;179;1m tuikit-test [38;2;92;106;114;22mâ”‚â”€â”€â”€â”€â”€â”€â”€â”€â”€â”€â”€â”€â”€â”€â”€â”€â”€â”€â”€â”€â”€â”€â”€â”€â”€â”€â”€â”€â”€â”€â”€â”€â”€â”€â”€â”€â”€â”€â”€â”€â”€â”€â”€â”€â”€â”€â”€â”€â”€â”€â”€â”€â”€â”€â”€â”€â”€â”€â”€â”€â”€â”€â”€â”€â”€[m
[38;2;92;106;114mâ•°â”€â”€â”€â”€â”€â”€â”€â”€â”€â”€â”€â”€â”€â•¯[m
  Â [30X[30CÂ 
  Â [3;38;2;0;0;0m3 Colors[m[22X[22CÂ 
  Â [30X[30CÂ 
  Â [38;2;0;0;0mâ•‘[mÂ [1;38;2;0;0;0mBlue Violet (Tertiary Color)[mÂ 
  Â Â Â [38;2;0;0;0mGreen (Secondary Color)[m [4bÂ 
  Â Â Â [38;2;0;0;0mRed (Primary Color)[m [8bÂ 
  Â [30X[30CÂ 
  Â [30X[30CÂ 
  Â [30X[30CÂ 
  Â [30X[30CÂ 
  Â [30X[30CÂ 
  Â [30X[30CÂ 
  Â [30X[30CÂ 
  Â [30X[30CÂ 
  Â [30X[30CÂ 
  Â [30X[30CÂ 
  Â [30X[30CÂ 
  Â [30X[30CÂ 
  Â [30X[30CÂ 
  Â [30X[30CÂ 
  Â [30X[30CÂ 
  Â [30X[30CÂ 
  Â [30X[30CÂ 
  Â [30X[30CÂ 
  Â [30X[30CÂ 
  Â [30X[30CÂ 
  Â [30X[30CÂ 
  Â [30X[30CÂ 
  Â [30X[30CÂ 
  Â [30X[30CÂ 
  Â [30X[30CÂ 
  Â [30X[30CÂ 
  Â [30X[30CÂ 
  Â [30X[30CÂ 
  Â [30X[30CÂ 
  Â [30X[30CÂ 
  Â [30X[30CÂ 
  Â [30X[30CÂ 
  Â [30X[30CÂ 
  Â [30X[30CÂ 
  Â [30X[30CÂ 
  Â [30X[30CÂ 
  Â [30X[30CÂ 
  Â [30X[30CÂ 
  Â [30X[30CÂ 
  Â [30X[30CÂ 
  Â [30X[30CÂ 
  Â [30X[30CÂ 
  Â [30X[30CÂ 
  Â [30X[30CÂ 
  Â [30X[30CÂ 
  Â [30X[30CÂ 
  Â [30X[30CÂ 
  Â [30X[30CÂ 
  Â [30X[30CÂ 
  Â [30X[30CÂ 
  Â [30X[30CÂ 
  Â [30X[30CÂ 
  Â [30X[30CÂ 
  Â [30X[30CÂ 
  Â [30X[30CÂ 
  Â [30X[30CÂ 
  Â [30X[30CÂ 
  Â [30X[30CÂ 
  Â [30X[30CÂ 
  Â [30X[30CÂ 
  Â [30X[30CÂ 
  Â [30X[30CÂ 
  Â [30X[30CÂ 
  Â [30X[30CÂ 
  Â [30X[30CÂ 
  Â [30X[30CÂ 
  Â [30X[30CÂ 
  Â [30X[30CÂ 
  Â [30X[30CÂ 
[38;2;92;106;114mâ”€â”€â”€â”€â”€â”€â”€â”€â”€â”€â”€â”€â”€â”€â”€â”€â”€â”€â”€â”€â”€â”€â”€â”€â”€â”€â”€â”€â”€â”€â”€â”€â”€â”€â”€â”€â”€â”€â”€â”€â”€â”€â”€â”€â”€â”€â”€â”€â”€â”€â”€â”€â”€â”€â”€â”€â”€â”€â”€â”€â”€â”€â”€â”€â”€â”€â”€â”€â”€â”€â”€â”€â”€â”€â”€â”€â”€â”€â”€â”€[m
[38;2;92;106;114m[ q: quit ] [ h: show help ][m[?25h[?2004l
