[?25l[?2004h]2;tuikit-testâ•­â”€â”€â”€â”€â”€â”€â”€â”€â”€â”€â”€â”€â”€â•®                                                                 
â”‚ tuikit-test â”‚â”€â”€â”€â”€â”€â”€â”€â”€â”€â”€â”€â”€â”€â”€â”€â”€â”€â”€â”€â”€â”€â”€â”€â”€â”€â”€â”€â”€â”€â”€â”€â”€â”€â”€â”€â”€â”€â”€â”€â”€â”€â”€â”€â”€â”€â”€â”€â”€â”€â”€â”€â”€â”€â”€â”€â”€â”€â”€â”€â”€â”€â”€â”€â”€â”€
â•°â”€â”€â”€â”€â”€â”€â”€â”€â”€â”€â”€â”€â”€â•¯                                                                 
!! encountered error !!                                                         
                                                                                
something went wrong                                                            
please try again                                                                
                                                                                
â”€â”€â”€â”€â”€â”€â”€â”€â”€â”€â”€â”€â”€â”€â”€â”€â”€â”€â”€â”€â”€â”€â”€â”€â”€â”€â”€â”€â”€â”€â”€â”€â”€â”€â”€â”€â”€â”€â”€â”€â”€â”€â”€â”€â”€â”€â”€â”€â”€â”€â”€â”€â”€â”€â”€â”€â”€â”€â”€â”€â”€â”€â”€â”€â”€â”€â”€â”€â”€â”€â”€â”€â”€â”€â”€â”€â”€â”€â”€â”€
                                                                                [80D[2K[?2004l[?25h[?1002l[?1003l[?1006l